ok 1 - tests/lib/core/e-application.c:BtApplicationExamples:test_bt_application_new: Passed
ok 2 - tests/lib/core/e-audio-session.c:BtAudioSessionExamples:test_bt_audio_session_singleton: Passed
ok 3 - tests/lib/core/e-audio-session.c:BtAudioSessionExamples:test_bt_audio_session_no_session_element_for_fakesink: Passed
ok 4 - tests/lib/core/e-childproxy.c:BtChildProxyExamples:test_bt_child_proxy_get: Passed
ok 5 - tests/lib/core/e-childproxy.c:BtChildProxyExamples:test_bt_child_proxy_set: Passed
ok 6 - tests/lib/core/e-childproxy.c:BtChildProxyExamples:test_bt_child_proxy_get_property: Passed
ok 7 - tests/lib/core/e-childproxy.c:BtChildProxyExamples:test_bt_child_proxy_set_property: Passed
ok 8 - tests/lib/core/e-cmd-pattern.c:BtCmdPatternExamples:test_bt_cmd_pattern_obj_mono1: Passed
ok 9 - tests/lib/core/e-cmd-pattern.c:BtCmdPatternExamples:test_bt_cmd_pattern_obj_poly1: Passed
ok 10 - tests/lib/core/e-cmd-pattern-control-source.c:BtCmdPatternControlSourceExamples:test_bt_cmd_pattern_control_source_new: Passed
ok 11 - tests/lib/core/e-cmd-pattern-control-source.c:BtCmdPatternControlSourceExamples:test_bt_cmd_pattern_control_source_normal_default_value: Passed
ok 12 - tests/lib/core/e-cmd-pattern-control-source.c:BtCmdPatternControlSourceExamples:test_bt_cmd_pattern_control_source_set_mute: Passed
ok 13 - tests/lib/core/e-cmd-pattern-control-source.c:BtCmdPatternControlSourceExamples:test_bt_cmd_pattern_control_source_set_solo: Passed
ok 14 - tests/lib/core/e-core.c:BtCoreExamples:test_bt_core_init_no_args: Passed
ok 15 - tests/lib/core/e-core.c:BtCoreExamples:test_bt_core_init_nullptr_args: Passed
ok 16 - tests/lib/core/e-core.c:BtCoreExamples:test_bt_core_init_args: Passed
ok 17 - tests/lib/core/e-machine.c:BtMachineExamples:test_bt_machine_create: Passed
ok 18 - tests/lib/core/e-machine.c:BtMachineExamples:test_bt_machine_create: Passed
ok 19 - tests/lib/core/e-machine.c:BtMachineExamples:test_bt_machine_create: Passed
ok 20 - tests/lib/core/e-machine.c:BtMachineExamples:test_bt_machine_create: Passed
ok 21 - tests/lib/core/e-machine.c:BtMachineExamples:test_bt_machine_enable_input_level1: Passed
ok 22 - tests/lib/core/e-machine.c:BtMachineExamples:test_bt_machine_enable_input_level2: Passed
ok 23 - tests/lib/core/e-machine.c:BtMachineExamples:test_bt_machine_enable_input_gain1: Passed
ok 24 - tests/lib/core/e-machine.c:BtMachineExamples:test_bt_machine_enable_output_gain1: Passed
ok 25 - tests/lib/core/e-machine.c:BtMachineExamples:test_bt_machine_add_pattern: Passed
ok 26 - tests/lib/core/e-machine.c:BtMachineExamples:test_bt_machine_rem_pattern: Passed
ok 27 - tests/lib/core/e-machine.c:BtMachineExamples:test_bt_machine_unique_pattern_name: Passed
ok 28 - tests/lib/core/e-machine.c:BtMachineExamples:test_bt_machine_next_pattern_name: Passed
ok 29 - tests/lib/core/e-machine.c:BtMachineExamples:test_bt_machine_check_voices: Passed
ok 30 - tests/lib/core/e-machine.c:BtMachineExamples:test_bt_machine_change_voices: Passed
ok 31 - tests/lib/core/e-machine.c:BtMachineExamples:test_bt_machine_state_mute_no_sideeffects: Passed
ok 32 - tests/lib/core/e-machine.c:BtMachineExamples:test_bt_machine_state_solo_resets_others: Passed
ok 33 - tests/lib/core/e-machine.c:BtMachineExamples:test_bt_machine_state_bypass_no_sideeffects: Passed
ok 34 - tests/lib/core/e-machine.c:BtMachineExamples:test_bt_machine_state_not_overridden: Passed
ok 35 - tests/lib/core/e-machine.c:BtMachineExamples:test_bt_machine_pretty_name: Passed
ok 36 - tests/lib/core/e-machine.c:BtMachineExamples:test_bt_machine_pretty_name_with_detail: Passed
ok 37 - tests/lib/core/e-machine.c:BtMachineExamples:test_bt_machine_set_defaults: Passed
ok 38 - tests/lib/core/e-machine.c:BtMachineExamples:test_bt_machine_bind_parameter_control: Passed
ok 39 - tests/lib/core/e-machine.c:BtMachineExamples:test_bt_machine_unbind_parameter_control: Passed
ok 40 - tests/lib/core/e-machine.c:BtMachineExamples:test_bt_machine_unbind_parameter_controls: Passed
ok 41 - tests/lib/core/e-parameter-group.c:BtParameterGroupExamples:test_bt_parameter_group_param: Passed
ok 42 - tests/lib/core/e-parameter-group.c:BtParameterGroupExamples:test_bt_parameter_group_size: Passed
ok 43 - tests/lib/core/e-parameter-group.c:BtParameterGroupExamples:test_bt_parameter_group_describe: Passed
ok 44 - tests/lib/core/e-parameter-group.c:BtParameterGroupExamples:test_bt_parameter_group_get_trigger_param: Passed
ok 45 - tests/lib/core/e-parameter-group.c:BtParameterGroupExamples:test_bt_parameter_group_get_wave_param: Passed
ok 46 - tests/lib/core/e-parameter-group.c:BtParameterGroupExamples:test_bt_parameter_group_set_value: Passed
ok 47 - tests/lib/core/e-parameter-group.c:BtParameterGroupExamples:test_bt_parameter_group_set_default: Passed
ok 48 - tests/lib/core/e-parameter-group.c:BtParameterGroupExamples:test_bt_parameter_group_set_default_trigger: Passed
ok 49 - tests/lib/core/e-parameter-group.c:BtParameterGroupExamples:test_bt_parameter_group_set_defaults: Passed
ok 50 - tests/lib/core/e-parameter-group.c:BtParameterGroupExamples:test_bt_parameter_group_reset_all: Passed
ok 51 - tests/lib/core/e-pattern.c:BtPatternExamples:test_bt_pattern_name: Passed
ok 52 - tests/lib/core/e-pattern.c:BtPatternExamples:test_bt_pattern_obj_create: Passed
ok 53 - tests/lib/core/e-pattern.c:BtPatternExamples:test_bt_pattern_obj_create: Passed
ok 54 - tests/lib/core/e-pattern.c:BtPatternExamples:test_bt_pattern_obj_create: Passed
ok 55 - tests/lib/core/e-pattern.c:BtPatternExamples:test_bt_pattern_obj_create: Passed
ok 56 - tests/lib/core/e-pattern.c:BtPatternExamples:test_bt_pattern_obj_mono: Passed
ok 57 - tests/lib/core/e-pattern.c:BtPatternExamples:test_bt_pattern_obj_poly: Passed
ok 58 - tests/lib/core/e-pattern.c:BtPatternExamples:test_bt_pattern_obj_wire1: Passed
ok 59 - tests/lib/core/e-pattern.c:BtPatternExamples:test_bt_pattern_obj_wire2: Passed
ok 60 - tests/lib/core/e-pattern.c:BtPatternExamples:test_bt_pattern_copy: Passed
ok 61 - tests/lib/core/e-pattern.c:BtPatternExamples:test_bt_pattern_has_data: Passed
ok 62 - tests/lib/core/e-pattern.c:BtPatternExamples:test_bt_pattern_enlarge_length: Passed
ok 63 - tests/lib/core/e-pattern.c:BtPatternExamples:test_bt_pattern_shrink_length: Passed
ok 64 - tests/lib/core/e-pattern.c:BtPatternExamples:test_bt_pattern_enlarge_voices: Passed
ok 65 - tests/lib/core/e-pattern.c:BtPatternExamples:test_bt_pattern_shrink_voices: Passed
ok 66 - tests/lib/core/e-pattern.c:BtPatternExamples:test_bt_pattern_insert_row: Passed
ok 67 - tests/lib/core/e-pattern.c:BtPatternExamples:test_bt_pattern_delete_row: Passed
ok 68 - tests/lib/core/e-pattern.c:BtPatternExamples:test_bt_pattern_mono_get_global_vg: Passed
ok 69 - tests/lib/core/e-pattern-control-source.c:BtPatternControlSourceExamples:test_bt_pattern_control_source_new: Passed
ok 70 - tests/lib/core/e-pattern-control-source.c:BtPatternControlSourceExamples:test_bt_pattern_control_source_normal_default_for_empty_pattern: Passed
ok 71 - tests/lib/core/e-pattern-control-source.c:BtPatternControlSourceExamples:test_bt_pattern_control_source_normal_default_for_cmd_pattern: Passed
ok 72 - tests/lib/core/e-pattern-control-source.c:BtPatternControlSourceExamples:test_bt_pattern_control_source_trigger_default_for_empty_pattern: Passed
ok 73 - tests/lib/core/e-pattern-control-source.c:BtPatternControlSourceExamples:test_bt_pattern_control_source_override_default_from_pattern: Passed
ok 74 - tests/lib/core/e-pattern-control-source.c:BtPatternControlSourceExamples:test_bt_pattern_control_source_restore_default_on_pattern_cleared: Passed
ok 75 - tests/lib/core/e-pattern-control-source.c:BtPatternControlSourceExamples:test_bt_pattern_control_source_change_pattern: Passed
ok 76 - tests/lib/core/e-pattern-control-source.c:BtPatternControlSourceExamples:test_bt_pattern_control_source_hold_normal: Passed
ok 77 - tests/lib/core/e-pattern-control-source.c:BtPatternControlSourceExamples:test_bt_pattern_control_source_release_trigger: Passed
ok 78 - tests/lib/core/e-pattern-control-source.c:BtPatternControlSourceExamples:test_bt_pattern_control_source_combine_pattern_shadows: Passed
ok 79 - tests/lib/core/e-pattern-control-source.c:BtPatternControlSourceExamples:test_bt_pattern_control_source_combine_pattern_unshadows: Passed
ok 80 - tests/lib/core/e-pattern-control-source.c:BtPatternControlSourceExamples:test_bt_pattern_control_source_combine_value_unshadows: Passed
ok 81 - tests/lib/core/e-pattern-control-source.c:BtPatternControlSourceExamples:test_bt_pattern_control_source_combine_two_tracks: Passed
ok 82 - tests/lib/core/e-processor-machine.c:BtProcessorMachineExamples:test_bt_processor_machine_new: Passed
ok 83 - tests/lib/core/e-processor-machine.c:BtProcessorMachineExamples:test_bt_processor_machine_def_patterns: Passed
ok 84 - tests/lib/core/e-processor-machine.c:BtProcessorMachineExamples:test_bt_processor_machine_pattern: Passed
ok 85 - tests/lib/core/e-processor-machine.c:BtProcessorMachineExamples:test_bt_processor_machine_pattern_by_id: Passed
ok 86 - tests/lib/core/e-processor-machine.c:BtProcessorMachineExamples:test_bt_processor_machine_pattern_by_index: Passed
ok 87 - tests/lib/core/e-processor-machine.c:BtProcessorMachineExamples:test_bt_processor_machine_pattern_by_list: Passed
ok 88 - tests/lib/core/e-processor-machine.c:BtProcessorMachineExamples:test_bt_processor_machine_ref: Passed
ok 89 - tests/lib/core/e-sequence.c:BtSequenceExamples:test_bt_sequence_new: Passed
ok 90 - tests/lib/core/e-sequence.c:BtSequenceExamples:test_bt_sequence_labels: Passed
ok 91 - tests/lib/core/e-sequence.c:BtSequenceExamples:test_bt_sequence_append_track: Passed
ok 92 - tests/lib/core/e-sequence.c:BtSequenceExamples:test_bt_sequence_insert_track: Passed
ok 93 - tests/lib/core/e-sequence.c:BtSequenceExamples:test_bt_sequence_move_track_left: Passed
ok 94 - tests/lib/core/e-sequence.c:BtSequenceExamples:test_bt_sequence_move_track_right: Passed
ok 95 - tests/lib/core/e-sequence.c:BtSequenceExamples:test_bt_sequence_pattern: Passed
ok 96 - tests/lib/core/e-sequence.c:BtSequenceExamples:test_bt_sequence_get_tick_by_pattern: Passed
ok 97 - tests/lib/core/e-sequence.c:BtSequenceExamples:test_bt_sequence_enlarge_length: Passed
ok 98 - tests/lib/core/e-sequence.c:BtSequenceExamples:test_bt_sequence_enlarge_length_check_labels: Passed
ok 99 - tests/lib/core/e-sequence.c:BtSequenceExamples:test_bt_sequence_enlarge_length_labels: Passed
ok 100 - tests/lib/core/e-sequence.c:BtSequenceExamples:test_bt_sequence_shrink_length: Passed
ok 101 - tests/lib/core/e-sequence.c:BtSequenceExamples:test_bt_sequence_enlarge_track: Passed
ok 102 - tests/lib/core/e-sequence.c:BtSequenceExamples:test_bt_sequence_enlarge_track_vals: Passed
ok 103 - tests/lib/core/e-sequence.c:BtSequenceExamples:test_bt_sequence_shrink_track: Passed
ok 104 - tests/lib/core/e-sequence.c:BtSequenceExamples:test_bt_sequence_enlarge_both_vals: Passed
ok 105 - tests/lib/core/e-sequence.c:BtSequenceExamples:test_bt_sequence_default_loop: Passed
not ok 106 - tests/lib/core/e-sequence.c:BtSequenceExamples:test_bt_sequence_enlarging_length_enlarges_loop: Assertion '"loop-end"==24L' failed: "loop-end"==16, 24L==24
ok 107 - tests/lib/core/e-sequence.c:BtSequenceExamples:test_bt_sequence_enlarging_length_keeps_loop: Passed
not ok 108 - tests/lib/core/e-sequence.c:BtSequenceExamples:test_bt_sequence_shortening_length_truncates_loop: Assertion '"loop-end"==8L' failed: "loop-end"==16, 8L==8
not ok 109 - tests/lib/core/e-sequence.c:BtSequenceExamples:test_bt_sequence_shortening_length_disables_loop: Assertion '"loop"==(0)' failed: "loop"==1, (0)==0
ok 110 - tests/lib/core/e-sequence.c:BtSequenceExamples:test_bt_sequence_insert_rows: Passed
ok 111 - tests/lib/core/e-sequence.c:BtSequenceExamples:test_bt_sequence_insert_rows_shifts_out: Passed
ok 112 - tests/lib/core/e-sequence.c:BtSequenceExamples:test_bt_sequence_insert_full_rows: Passed
ok 113 - tests/lib/core/e-sequence.c:BtSequenceExamples:test_bt_sequence_delete_rows: Passed
ok 114 - tests/lib/core/e-sequence.c:BtSequenceExamples:test_bt_sequence_delete_full_rows: Passed
ok 115 - tests/lib/core/e-sequence.c:BtSequenceExamples:test_bt_sequence_duration: Passed
ok 116 - tests/lib/core/e-sequence.c:BtSequenceExamples:test_bt_sequence_duration_play: Passed
ok 117 - tests/lib/core/e-settings.c:BtSettingsExamples:test_bt_settings_singleton: Passed
ok 118 - tests/lib/core/e-settings.c:BtSettingsExamples:test_bt_settings_get_audiosink1: Passed
ok 119 - tests/lib/core/e-settings.c:BtSettingsExamples:test_bt_settings_ic_playback_spec: Passed
ok 120 - tests/lib/core/e-setup.c:BtSetupExamples:test_bt_setup_new: Passed
ok 121 - tests/lib/core/e-setup.c:BtSetupExamples:test_bt_setup_machine_add_id: Passed
ok 122 - tests/lib/core/e-setup.c:BtSetupExamples:test_bt_setup_machine_rem_id: Passed
ok 123 - tests/lib/core/e-setup.c:BtSetupExamples:test_bt_setup_machine_add_updates_list: Passed
ok 124 - tests/lib/core/e-setup.c:BtSetupExamples:test_bt_setup_wire_add_machine_id: Passed
ok 125 - tests/lib/core/e-setup.c:BtSetupExamples:test_bt_setup_wire_rem_machine_id: Passed
ok 126 - tests/lib/core/e-setup.c:BtSetupExamples:test_bt_setup_wire_add_src_list: Passed
ok 127 - tests/lib/core/e-setup.c:BtSetupExamples:test_bt_setup_wire_add_dst_list: Passed
ok 128 - tests/lib/core/e-setup.c:BtSetupExamples:test_bt_setup_machine_type: Passed
ok 129 - tests/lib/core/e-setup.c:BtSetupExamples:test_bt_setup_unique_machine_id1: Passed
ok 130 - tests/lib/core/e-setup.c:BtSetupExamples:test_bt_setup_dynamic_add_src: Passed
ok 131 - tests/lib/core/e-setup.c:BtSetupExamples:test_bt_setup_dynamic_rem_src: Passed
ok 132 - tests/lib/core/e-setup.c:BtSetupExamples:test_bt_setup_dynamic_add_proc: Passed
ok 133 - tests/lib/core/e-setup.c:BtSetupExamples:test_bt_setup_dynamic_rem_proc: Passed
ok 134 - tests/lib/core/e-sink-bin.c:BtSinkBinExamples:test_bt_sink_bin_new: Passed
ok 135 - tests/lib/core/e-sink-bin.c:BtSinkBinExamples:test_bt_sink_bin_record: Passed
ok 136 - tests/lib/core/e-sink-bin.c:BtSinkBinExamples:test_bt_sink_bin_record: Passed
ok 137 - tests/lib/core/e-sink-bin.c:BtSinkBinExamples:test_bt_sink_bin_record: Passed
ok 138 - tests/lib/core/e-sink-bin.c:BtSinkBinExamples:test_bt_sink_bin_record: Passed
ok 139 - tests/lib/core/e-sink-bin.c:BtSinkBinExamples:test_bt_sink_bin_record: Passed
not ok 140 - tests/lib/core/e-sink-bin.c:BtSinkBinExamples:test_bt_sink_bin_record: Assertion 'st.st_size > 0' failed: st.st_size == 0, 0 == 0
ok 141 - tests/lib/core/e-sink-bin.c:BtSinkBinExamples:test_bt_sink_bin_record: Passed
ok 142 - tests/lib/core/e-sink-bin.c:BtSinkBinExamples:test_bt_sink_bin_record: Passed
ok 143 - tests/lib/core/e-sink-bin.c:BtSinkBinExamples:test_bt_sink_bin_record_and_play: Passed
ok 144 - tests/lib/core/e-sink-bin.c:BtSinkBinExamples:test_bt_sink_bin_record_and_play: Passed
ok 145 - tests/lib/core/e-sink-bin.c:BtSinkBinExamples:test_bt_sink_bin_record_and_play: Passed
ok 146 - tests/lib/core/e-sink-bin.c:BtSinkBinExamples:test_bt_sink_bin_record_and_play: Passed
ok 147 - tests/lib/core/e-sink-bin.c:BtSinkBinExamples:test_bt_sink_bin_record_and_play: Passed
not ok 148 - tests/lib/core/e-sink-bin.c:BtSinkBinExamples:test_bt_sink_bin_record_and_play: Assertion 'st.st_size > 0' failed: st.st_size == 0, 0 == 0
ok 149 - tests/lib/core/e-sink-bin.c:BtSinkBinExamples:test_bt_sink_bin_record_and_play: Passed
ok 150 - tests/lib/core/e-sink-bin.c:BtSinkBinExamples:test_bt_sink_bin_record_and_play: Passed
ok 151 - tests/lib/core/e-sink-bin.c:BtSinkBinExamples:test_bt_sink_bin_master_volume: Passed
ok 152 - tests/lib/core/e-sink-bin.c:BtSinkBinExamples:test_bt_sink_bin_master_volume: Passed
ok 153 - tests/lib/core/e-sink-bin.c:BtSinkBinExamples:test_bt_sink_bin_analyzers: Passed
ok 154 - tests/lib/core/e-sink-machine.c:BtSinkMachineExamples:test_bt_sink_machine_new: Passed
ok 155 - tests/lib/core/e-sink-machine.c:BtSinkMachineExamples:test_bt_sink_machine_def_patterns: Passed
ok 156 - tests/lib/core/e-sink-machine.c:BtSinkMachineExamples:test_bt_sink_machine_pattern: Passed
ok 157 - tests/lib/core/e-sink-machine.c:BtSinkMachineExamples:test_bt_sink_machine_pattern_by_id: Passed
ok 158 - tests/lib/core/e-sink-machine.c:BtSinkMachineExamples:test_bt_sink_machine_pattern_by_index: Passed
ok 159 - tests/lib/core/e-sink-machine.c:BtSinkMachineExamples:test_bt_sink_machine_pattern_by_list: Passed
ok 160 - tests/lib/core/e-sink-machine.c:BtSinkMachineExamples:test_bt_sink_machine_default: Passed
ok 161 - tests/lib/core/e-sink-machine.c:BtSinkMachineExamples:test_bt_sink_machine_fallback: Passed
ok 162 - tests/lib/core/e-sink-machine.c:BtSinkMachineExamples:test_bt_sink_machine_actual_sink: Passed
ok 163 - tests/lib/core/e-sink-machine.c:BtSinkMachineExamples:test_bt_sink_machine_latency: Passed
ok 164 - tests/lib/core/e-sink-machine.c:BtSinkMachineExamples:test_bt_sink_machine_latency: Passed
ok 165 - tests/lib/core/e-sink-machine.c:BtSinkMachineExamples:test_bt_sink_machine_latency: Passed
ok 166 - tests/lib/core/e-sink-machine.c:BtSinkMachineExamples:test_bt_sink_machine_latency: Passed
ok 167 - tests/lib/core/e-sink-machine.c:BtSinkMachineExamples:test_bt_sink_machine_latency: Passed
ok 168 - tests/lib/core/e-sink-machine.c:BtSinkMachineExamples:test_bt_sink_machine_latency: Passed
ok 169 - tests/lib/core/e-sink-machine.c:BtSinkMachineExamples:test_bt_sink_machine_latency: Passed
ok 170 - tests/lib/core/e-sink-machine.c:BtSinkMachineExamples:test_bt_sink_machine_latency: Passed
ok 171 - tests/lib/core/e-sink-machine.c:BtSinkMachineExamples:test_bt_sink_machine_latency: Passed
ok 172 - tests/lib/core/e-sink-machine.c:BtSinkMachineExamples:test_bt_sink_machine_latency: Passed
ok 173 - tests/lib/core/e-sink-machine.c:BtSinkMachineExamples:test_bt_sink_machine_latency: Passed
ok 174 - tests/lib/core/e-sink-machine.c:BtSinkMachineExamples:test_bt_sink_machine_latency: Passed
ok 175 - tests/lib/core/e-sink-machine.c:BtSinkMachineExamples:test_bt_sink_machine_latency: Passed
ok 176 - tests/lib/core/e-sink-machine.c:BtSinkMachineExamples:test_bt_sink_machine_latency: Passed
ok 177 - tests/lib/core/e-sink-machine.c:BtSinkMachineExamples:test_bt_sink_machine_latency: Passed
ok 178 - tests/lib/core/e-sink-machine.c:BtSinkMachineExamples:test_bt_sink_machine_latency: Passed
ok 179 - tests/lib/core/e-sink-machine.c:BtSinkMachineExamples:test_bt_sink_machine_latency: Passed
ok 180 - tests/lib/core/e-sink-machine.c:BtSinkMachineExamples:test_bt_sink_machine_latency: Passed
ok 181 - tests/lib/core/e-sink-machine.c:BtSinkMachineExamples:test_bt_sink_machine_latency: Passed
ok 182 - tests/lib/core/e-sink-machine.c:BtSinkMachineExamples:test_bt_sink_machine_latency: Passed
ok 183 - tests/lib/core/e-sink-machine.c:BtSinkMachineExamples:test_bt_sink_machine_latency: Passed
ok 184 - tests/lib/core/e-sink-machine.c:BtSinkMachineExamples:test_bt_sink_machine_latency: Passed
ok 185 - tests/lib/core/e-sink-machine.c:BtSinkMachineExamples:test_bt_sink_machine_latency: Passed
ok 186 - tests/lib/core/e-sink-machine.c:BtSinkMachineExamples:test_bt_sink_machine_latency: Passed
ok 187 - tests/lib/core/e-sink-machine.c:BtSinkMachineExamples:test_bt_sink_machine_latency: Passed
ok 188 - tests/lib/core/e-sink-machine.c:BtSinkMachineExamples:test_bt_sink_machine_latency: Passed
ok 189 - tests/lib/core/e-sink-machine.c:BtSinkMachineExamples:test_bt_sink_machine_latency: Passed
ok 190 - tests/lib/core/e-sink-machine.c:BtSinkMachineExamples:test_bt_sink_machine_latency: Passed
ok 191 - tests/lib/core/e-sink-machine.c:BtSinkMachineExamples:test_bt_sink_machine_latency: Passed
ok 192 - tests/lib/core/e-sink-machine.c:BtSinkMachineExamples:test_bt_sink_machine_latency: Passed
ok 193 - tests/lib/core/e-sink-machine.c:BtSinkMachineExamples:test_bt_sink_machine_latency: Passed
ok 194 - tests/lib/core/e-sink-machine.c:BtSinkMachineExamples:test_bt_sink_machine_latency: Passed
ok 195 - tests/lib/core/e-sink-machine.c:BtSinkMachineExamples:test_bt_sink_machine_latency: Passed
ok 196 - tests/lib/core/e-sink-machine.c:BtSinkMachineExamples:test_bt_sink_machine_latency: Passed
ok 197 - tests/lib/core/e-sink-machine.c:BtSinkMachineExamples:test_bt_sink_machine_latency: Passed
ok 198 - tests/lib/core/e-sink-machine.c:BtSinkMachineExamples:test_bt_sink_machine_latency: Passed
ok 199 - tests/lib/core/e-sink-machine.c:BtSinkMachineExamples:test_bt_sink_machine_latency: Passed
ok 200 - tests/lib/core/e-sink-machine.c:BtSinkMachineExamples:test_bt_sink_machine_latency: Passed
ok 201 - tests/lib/core/e-sink-machine.c:BtSinkMachineExamples:test_bt_sink_machine_latency: Passed
ok 202 - tests/lib/core/e-sink-machine.c:BtSinkMachineExamples:test_bt_sink_machine_latency: Passed
ok 203 - tests/lib/core/e-sink-machine.c:BtSinkMachineExamples:test_bt_sink_machine_latency: Passed
ok 204 - tests/lib/core/e-sink-machine.c:BtSinkMachineExamples:test_bt_sink_machine_latency: Passed
ok 205 - tests/lib/core/e-sink-machine.c:BtSinkMachineExamples:test_bt_sink_machine_latency: Passed
ok 206 - tests/lib/core/e-sink-machine.c:BtSinkMachineExamples:test_bt_sink_machine_latency: Passed
ok 207 - tests/lib/core/e-sink-machine.c:BtSinkMachineExamples:test_bt_sink_machine_latency: Passed
ok 208 - tests/lib/core/e-sink-machine.c:BtSinkMachineExamples:test_bt_sink_machine_latency: Passed
ok 209 - tests/lib/core/e-sink-machine.c:BtSinkMachineExamples:test_bt_sink_machine_latency: Passed
ok 210 - tests/lib/core/e-sink-machine.c:BtSinkMachineExamples:test_bt_sink_machine_latency: Passed
ok 211 - tests/lib/core/e-sink-machine.c:BtSinkMachineExamples:test_bt_sink_machine_latency: Passed
ok 212 - tests/lib/core/e-sink-machine.c:BtSinkMachineExamples:test_bt_sink_machine_latency: Passed
ok 213 - tests/lib/core/e-sink-machine.c:BtSinkMachineExamples:test_bt_sink_machine_latency: Passed
ok 214 - tests/lib/core/e-sink-machine.c:BtSinkMachineExamples:test_bt_sink_machine_latency: Passed
ok 215 - tests/lib/core/e-sink-machine.c:BtSinkMachineExamples:test_bt_sink_machine_latency: Passed
ok 216 - tests/lib/core/e-sink-machine.c:BtSinkMachineExamples:test_bt_sink_machine_latency: Passed
ok 217 - tests/lib/core/e-sink-machine.c:BtSinkMachineExamples:test_bt_sink_machine_latency: Passed
ok 218 - tests/lib/core/e-sink-machine.c:BtSinkMachineExamples:test_bt_sink_machine_latency: Passed
ok 219 - tests/lib/core/e-sink-machine.c:BtSinkMachineExamples:test_bt_sink_machine_latency: Passed
ok 220 - tests/lib/core/e-sink-machine.c:BtSinkMachineExamples:test_bt_sink_machine_latency: Passed
ok 221 - tests/lib/core/e-sink-machine.c:BtSinkMachineExamples:test_bt_sink_machine_latency: Passed
ok 222 - tests/lib/core/e-sink-machine.c:BtSinkMachineExamples:test_bt_sink_machine_latency: Passed
ok 223 - tests/lib/core/e-sink-machine.c:BtSinkMachineExamples:test_bt_sink_machine_latency: Passed
ok 224 - tests/lib/core/e-sink-machine.c:BtSinkMachineExamples:test_bt_sink_machine_latency: Passed
ok 225 - tests/lib/core/e-sink-machine.c:BtSinkMachineExamples:test_bt_sink_machine_latency: Passed
ok 226 - tests/lib/core/e-sink-machine.c:BtSinkMachineExamples:test_bt_sink_machine_latency: Passed
ok 227 - tests/lib/core/e-sink-machine.c:BtSinkMachineExamples:test_bt_sink_machine_pretty_name: Passed
ok 228 - tests/lib/core/e-song-info.c:BtSongInfoExamples:test_bt_song_info_date_stamps: Passed
ok 229 - tests/lib/core/e-song-info.c:BtSongInfoExamples:test_bt_song_info_update_bpm: Passed
ok 230 - tests/lib/core/e-song-info.c:BtSongInfoExamples:test_bt_song_info_update_tpb: Passed
ok 231 - tests/lib/core/e-song-info.c:BtSongInfoExamples:test_bt_song_info_seconds_since_last_saved: Passed
ok 232 - tests/lib/core/e-song-info.c:BtSongInfoExamples:test_bt_song_info_tick_to_time: Passed
ok 233 - tests/lib/core/e-song-io-native.c:BtSongIONativeExamples:test_bt_song_io_native_new: Passed
ok 234 - tests/lib/core/e-song-io-native.c:BtSongIONativeExamples:test_bt_song_io_native_formats: Passed
ok 235 - tests/lib/core/e-song-io-native.c:BtSongIONativeExamples:test_bt_song_io_native_formats: Passed
ok 236 - tests/lib/core/e-song-io-native.c:BtSongIONativeExamples:test_bt_song_io_native_load: Passed
ok 237 - tests/lib/core/e-song-io-native.c:BtSongIONativeExamples:test_bt_song_io_native_core_refcounts: Passed
ok 238 - tests/lib/core/e-song-io-native.c:BtSongIONativeExamples:test_bt_song_io_native_setup_refcounts_0: Passed
ok 239 - tests/lib/core/e-song-io-native.c:BtSongIONativeExamples:test_bt_song_io_native_setup_refcounts_1: Passed
ok 240 - tests/lib/core/e-song-io-native.c:BtSongIONativeExamples:test_bt_song_io_native_setup_refcounts_2: Passed
ok 241 - tests/lib/core/e-song-io-native.c:BtSongIONativeExamples:test_bt_song_io_native_song_refcounts: Passed
ok 242 - tests/lib/core/e-song-io-native.c:BtSongIONativeExamples:test_bt_song_io_native_song_refcounts: Passed
ok 243 - tests/lib/core/e-song-io-native.c:BtSongIONativeExamples:test_bt_song_io_native_song_refcounts: Passed
ok 244 - tests/lib/core/e-song-io-native.c:BtSongIONativeExamples:test_bt_song_io_native_song_refcounts: Passed
ok 245 - tests/lib/core/e-song-io-native.c:BtSongIONativeExamples:test_bt_song_io_native_song_refcounts: Passed
ok 246 - tests/lib/core/e-song-io-native.c:BtSongIONativeExamples:test_bt_song_io_native_song_refcounts: Passed
ok 247 - tests/lib/core/e-song-io-native.c:BtSongIONativeExamples:test_bt_song_io_write_song: Passed
ok 248 - tests/lib/core/e-song-io-native.c:BtSongIONativeExamples:test_bt_song_io_write_song: Passed
ok 249 - tests/lib/core/e-song-io-native.c:BtSongIONativeExamples:test_bt_song_io_write_song: Passed
ok 250 - tests/lib/core/e-song-io-native.c:BtSongIONativeExamples:test_bt_song_io_write_song: Passed
ok 251 - tests/lib/core/e-song-io-native.c:BtSongIONativeExamples:test_bt_song_io_write_song: Passed
ok 252 - tests/lib/core/e-song-io-native.c:BtSongIONativeExamples:test_bt_song_io_write_song: Passed
ok 253 - tests/lib/core/e-song-io-native.c:BtSongIONativeExamples:test_bt_song_io_write_song: Passed
ok 254 - tests/lib/core/e-song-io-native.c:BtSongIONativeExamples:test_bt_song_io_write_song: Passed
ok 255 - tests/lib/core/e-song-io-native.c:BtSongIONativeExamples:test_bt_song_io_native_load_legacy_0_7: Passed
ok 256 - tests/lib/core/e-song-io.c:BtSongIOExamples:test_bt_song_io_module_info: Passed
ok 257 - tests/lib/core/e-song-io.c:BtSongIOExamples:test_bt_song_io_file: Passed
ok 258 - tests/lib/core/e-song-io.c:BtSongIOExamples:test_bt_song_io_data: Passed
ok 259 - tests/lib/core/e-song.c:BtSongExamples:test_bt_song_new: Passed
ok 260 - tests/lib/core/e-song.c:BtSongExamples:test_bt_song_members: Passed
ok 261 - tests/lib/core/e-song.c:BtSongExamples:test_bt_song_master: Passed
ok 262 - tests/lib/core/e-song.c:BtSongExamples:test_bt_song_play_single: Passed
ok 263 - tests/lib/core/e-song.c:BtSongExamples:test_bt_song_play_twice: Passed
ok 264 - tests/lib/core/e-song.c:BtSongExamples:test_bt_song_play_and_change_sink: Passed
ok 265 - tests/lib/core/e-song.c:BtSongExamples:test_bt_song_play_fallback_sink: Passed
ok 266 - tests/lib/core/e-song.c:BtSongExamples:test_bt_song_idle1: Passed
ok 267 - tests/lib/core/e-song.c:BtSongExamples:test_bt_song_idle2: Passed
ok 268 - tests/lib/core/e-song.c:BtSongExamples:test_bt_song_play_two_sources: Passed
ok 269 - tests/lib/core/e-song.c:BtSongExamples:test_bt_song_play_two_sources_and_one_fx: Passed
ok 270 - tests/lib/core/e-song.c:BtSongExamples:test_bt_song_play_change_replay: Passed
ok 271 - tests/lib/core/e-song.c:BtSongExamples:test_bt_song_play_pos: Passed
ok 272 - tests/lib/core/e-song.c:BtSongExamples:test_bt_song_play_pos_on_eos: Passed
ok 273 - tests/lib/core/e-song.c:BtSongExamples:test_bt_song_play_pos_after_initial_seek: Passed
ok 274 - tests/lib/core/e-song.c:BtSongExamples:test_bt_song_play_again_should_restart: Passed
ok 275 - tests/lib/core/e-song.c:BtSongExamples:test_bt_song_play_loop: Passed
ok 276 - tests/lib/core/e-song.c:BtSongExamples:test_bt_song_persistence: Passed
ok 277 - tests/lib/core/e-song.c:BtSongExamples:test_bt_song_tempo_update_set_context: Passed
ok 278 - tests/lib/core/e-source-machine.c:BtSourceMachineExamples:test_bt_source_machine_new: Passed
ok 279 - tests/lib/core/e-source-machine.c:BtSourceMachineExamples:test_bt_source_machine_def_patterns: Passed
ok 280 - tests/lib/core/e-source-machine.c:BtSourceMachineExamples:test_bt_source_machine_pattern: Passed
ok 281 - tests/lib/core/e-source-machine.c:BtSourceMachineExamples:test_bt_source_machine_pattern_by_id: Passed
ok 282 - tests/lib/core/e-source-machine.c:BtSourceMachineExamples:test_bt_source_machine_pattern_by_index: Passed
ok 283 - tests/lib/core/e-source-machine.c:BtSourceMachineExamples:test_bt_source_machine_pattern_by_list: Passed
ok 284 - tests/lib/core/e-source-machine.c:BtSourceMachineExamples:test_bt_source_machine_change_voices: Passed
ok 285 - tests/lib/core/e-source-machine.c:BtSourceMachineExamples:test_bt_source_machine_ref: Passed
ok 286 - tests/lib/core/e-tools.c:BtToolsExamples:test_bt_tools_element_check0: Passed
ok 287 - tests/lib/core/e-tools.c:BtToolsExamples:test_bt_tools_element_check1: Passed
ok 288 - tests/lib/core/e-tools.c:BtToolsExamples:test_bt_str_parse_enum: Passed
ok 289 - tests/lib/core/e-tools.c:BtToolsExamples:test_bt_str_format_enum: Passed
ok 290 - tests/lib/core/e-tools.c:BtToolsExamples:test_bt_log_message_error: Passed
ok 291 - tests/lib/core/e-tools.c:BtToolsExamples:test_bt_log_message_warning: Passed
ok 292 - tests/lib/core/e-value-group.c:BtValueGroupExamples:test_bt_value_group_default_empty: Passed
ok 293 - tests/lib/core/e-value-group.c:BtValueGroupExamples:test_bt_value_group_value: Passed
ok 294 - tests/lib/core/e-value-group.c:BtValueGroupExamples:test_bt_value_group_insert_row: Passed
ok 295 - tests/lib/core/e-value-group.c:BtValueGroupExamples:test_bt_value_group_delete_row: Passed
ok 296 - tests/lib/core/e-value-group.c:BtValueGroupExamples:test_bt_value_group_clear_column: Passed
ok 297 - tests/lib/core/e-value-group.c:BtValueGroupExamples:test_bt_value_group_clear_columns: Passed
ok 298 - tests/lib/core/e-value-group.c:BtValueGroupExamples:test_bt_value_group_blend_column: Passed
ok 299 - tests/lib/core/e-value-group.c:BtValueGroupExamples:test_bt_value_group_blend_column: Passed
ok 300 - tests/lib/core/e-value-group.c:BtValueGroupExamples:test_bt_value_group_blend_column: Passed
ok 301 - tests/lib/core/e-value-group.c:BtValueGroupExamples:test_bt_value_group_blend_column: Passed
ok 302 - tests/lib/core/e-value-group.c:BtValueGroupExamples:test_bt_value_group_blend_column: Passed
ok 303 - tests/lib/core/e-value-group.c:BtValueGroupExamples:test_bt_value_group_flip_column: Passed
ok 304 - tests/lib/core/e-value-group.c:BtValueGroupExamples:test_bt_value_group_randomize_column: Passed
ok 305 - tests/lib/core/e-value-group.c:BtValueGroupExamples:test_bt_value_group_randomize_column: Passed
ok 306 - tests/lib/core/e-value-group.c:BtValueGroupExamples:test_bt_value_group_randomize_column: Passed
ok 307 - tests/lib/core/e-value-group.c:BtValueGroupExamples:test_bt_value_group_randomize_column: Passed
ok 308 - tests/lib/core/e-value-group.c:BtValueGroupExamples:test_bt_value_group_randomize_column: Passed
ok 309 - tests/lib/core/e-value-group.c:BtValueGroupExamples:test_bt_value_group_range_randomize_column: Passed
ok 310 - tests/lib/core/e-value-group.c:BtValueGroupExamples:test_bt_value_group_transpose_fine_up_column: Passed
ok 311 - tests/lib/core/e-value-group.c:BtValueGroupExamples:test_bt_value_group_transpose_fine_down_column: Passed
ok 312 - tests/lib/core/e-value-group.c:BtValueGroupExamples:test_bt_value_group_copy: Passed
ok 313 - tests/lib/core/e-wave.c:BtWaveExamples:test_bt_wave_default_levels: Passed
ok 314 - tests/lib/core/e-wave-table.c:BtWaveTableExamples:test_bt_wave_table_default_empty: Passed
ok 315 - tests/lib/core/e-wave-table.c:BtWaveTableExamples:test_bt_wave_table_add_wave: Passed
ok 316 - tests/lib/core/e-wave-table.c:BtWaveTableExamples:test_bt_wave_table_rem_wave: Passed
ok 317 - tests/lib/core/e-wave-table.c:BtWaveTableExamples:test_bt_wave_table_get_wave_by_ix: Passed
ok 318 - tests/lib/core/e-wave-table.c:BtWaveTableExamples:test_bt_wave_table_replace_wave: Passed
ok 319 - tests/lib/core/e-wave-table.c:BtWaveTableExamples:test_bt_wave_table_get_callbacks: Passed
ok 320 - tests/lib/core/e-wave-table.c:BtWaveTableExamples:test_bt_wave_table_callbacks_get_wave: Passed
ok 321 - tests/lib/core/e-wire.c:BtWireExamples:test_bt_wire_can_link: Passed
ok 322 - tests/lib/core/e-wire.c:BtWireExamples:test_bt_wire_new: Passed
ok 323 - tests/lib/core/e-wire.c:BtWireExamples:test_bt_wire_pretty_name: Passed
ok 324 - tests/lib/core/e-wire.c:BtWireExamples:test_bt_wire_pretty_name_gets_updated: Passed
ok 325 - tests/lib/core/e-wire.c:BtWireExamples:test_bt_wire_persistence: Passed
1..325
