not ok 1 - (null):BtAboutDialogExamples:test_bt_about_dialog_create: Test timeout expired
not ok 2 - (null):BtChangeLogExamples:test_bt_change_log_create_and_destroy: Test timeout expired
not ok 3 - (null):BtChangeLogExamples:test_bt_change_log_initial_undo_redo_state: Test timeout expired
not ok 4 - (null):BtChangeLogExamples:test_bt_change_log_undo_redo_state_after_single_change: Test timeout expired
not ok 5 - (null):BtChangeLogExamples:test_bt_change_log_undo_redo_state_single_change_after_undo: Test timeout expired
not ok 6 - (null):BtChangeLogExamples:test_bt_change_log_undo_redo_state_single_change_after_redo: Test timeout expired
not ok 7 - (null):BtChangeLogExamples:test_bt_change_log_undo_redo_state_double_change_after_undo: Test timeout expired
not ok 8 - (null):BtChangeLogExamples:test_bt_change_log_undo_redo_state_stack_trunc: Test timeout expired
not ok 9 - (null):BtChangeLogExamples:test_bt_change_log_single_change_after_undo: Test timeout expired
not ok 10 - (null):BtChangeLogExamples:test_bt_change_log_single_change_after_redo: Test timeout expired
not ok 11 - (null):BtChangeLogExamples:test_bt_change_log_two_changes: Test timeout expired
not ok 12 - (null):BtChangeLogExamples:test_bt_change_log_single_then_double_change: Test timeout expired
not ok 13 - (null):BtChangeLogExamples:test_bt_change_log_group: Test timeout expired
not ok 14 - (null):BtChangeLogExamples:test_bt_change_log_nested_groups: Test timeout expired
not ok 15 - (null):BtChangeLogExamples:test_bt_change_log_recover: Test timeout expired
not ok 16 - (null):BtCrashRecoverDialogExamples:test_bt_crash_recover_dialog_create: Test timeout expired
not ok 17 - (null):BtEditApplicationExamples:test_bt_edit_application_create: Test timeout expired
not ok 18 - (null):BtEditApplicationExamples:test_bt_edit_application_run: Test timeout expired
not ok 19 - (null):BtEditApplicationExamples:test_bt_edit_application_new_song: Test timeout expired
not ok 20 - (null):BtEditApplicationExamples:test_bt_edit_application_new_song_is_saved: Test timeout expired
not ok 21 - (null):BtEditApplicationExamples:test_bt_edit_application_load_song: Test timeout expired
not ok 22 - (null):BtEditApplicationExamples:test_bt_edit_application_load_song_is_saved: Test timeout expired
not ok 23 - (null):BtEditApplicationExamples:test_bt_edit_application_load_songs: Test timeout expired
not ok 24 - (null):BtEditApplicationExamples:test_bt_edit_application_num_children: Test timeout expired
not ok 25 - (null):BtEditApplicationExamples:test_bt_edit_application_load_song_with_view_disabled: Test timeout expired
not ok 26 - (null):BtEditApplicationExamples:test_bt_edit_application_load_song_with_view_disabled: Test timeout expired
not ok 27 - (null):BtEditApplicationExamples:test_bt_edit_application_load_song_with_view_disabled: Test timeout expired
not ok 28 - (null):BtEditApplicationExamples:test_bt_edit_application_load_song_with_view_disabled: Test timeout expired
not ok 29 - (null):BtEditApplicationExamples:test_bt_edit_application_load_song_with_view_disabled: Test timeout expired
not ok 30 - (null):BtEditApplicationExamples:test_bt_edit_application_load_and_play: Test timeout expired
not ok 31 - (null):BtEditApplicationExamples:test_bt_edit_application_load_while_playing: Test timeout expired
not ok 32 - (null):BtInteractionControllerMenuExamples:test_bt_interaction_controller_menu_create_range_menu: Test timeout expired
not ok 33 - (null):BtInteractionControllerMenuExamples:test_bt_interaction_controller_menu_create_trigger_menu: Test timeout expired
not ok 34 - (null):BtMachineActionsExamples:test_bt_machine_actions_about_dialog: Test timeout expired
not ok 35 - (null):BtMachineListModelExamples:test_bt_machine_list_model_create: Test timeout expired
not ok 36 - (null):BtMachineListModelExamples:test_bt_machine_list_model_get_machine: Test timeout expired
not ok 37 - (null):BtMachineCanvasItemExamples:test_bt_machine_canvas_item_create: Test timeout expired
not ok 38 - (null):BtMachineCanvasItemExamples:test_bt_machine_canvas_item_show_analyzer: Test timeout expired
not ok 39 - (null):BtMachineCanvasItemExamples:test_bt_machine_canvas_item_show_preferences: Test timeout expired
not ok 40 - (null):BtMachineCanvasItemExamples:test_bt_machine_canvas_item_show_properties: Test timeout expired
not ok 41 - (null):BtMachinePreferencesDialogExamples:test_bt_machine_preferences_dialog_create: Test timeout expired
not ok 42 - (null):BtMachinePresetPropertiesDialogExamples:test_bt_machine_preset_properties_dialog_create: Test timeout expired
not ok 43 - (null):BtMachinePropertiesDialogExamples:test_bt_machine_properties_dialog_create: Test timeout expired
not ok 44 - (null):BtMachinePropertiesDialogExamples:test_bt_machine_properties_dialog_create: Test timeout expired
not ok 45 - (null):BtMachinePropertiesDialogExamples:test_bt_machine_properties_dialog_create: Test timeout expired
not ok 46 - (null):BtMachinePropertiesDialogExamples:test_bt_machine_properties_dialog_create: Test timeout expired
not ok 47 - (null):BtMachinePropertiesDialogExamples:test_bt_machine_properties_dialog_update: Test timeout expired
not ok 48 - (null):BtMachinePropertiesDialogExamples:test_bt_machine_properties_dialog_update: Test timeout expired
not ok 49 - (null):BtMachinePropertiesDialogExamples:test_bt_machine_properties_dialog_update: Test timeout expired
not ok 50 - (null):BtMachineRenameDialogExamples:test_bt_machine_rename_dialog_create: Test timeout expired
not ok 51 - (null):BtMainPageInfoExamples:test_bt_main_page_info_focus: Test timeout expired
not ok 52 - (null):BtMainPageMachinesExamples:test_bt_main_page_machines_focus: Test timeout expired
not ok 53 - (null):BtMainPageMachinesExamples:test_bt_main_page_machines_machine_create: Test timeout expired
not ok 54 - (null):BtMainPageMachinesExamples:test_bt_main_page_machines_machine_ref: Test timeout expired
not ok 55 - (null):BtMainPageMachinesExamples:test_bt_main_page_machines_remove_source_machine: Test timeout expired
not ok 56 - (null):BtMainPageMachinesExamples:test_bt_main_page_machines_remove_processor_machine: Test timeout expired
not ok 57 - (null):BtMainPageMachinesExamples:test_bt_main_page_machines_remove_wire: Test timeout expired
not ok 58 - (null):BtMainPageMachinesExamples:test_bt_main_page_machines_edit: Test timeout expired
not ok 59 - (null):BtMainPageMachinesExamples:test_bt_main_page_machines_convert_coordinates: Test timeout expired
not ok 60 - (null):BtMainPagePatternsExamples:test_bt_main_page_patterns_focus: Test timeout expired
not ok 61 - (null):BtMainPagePatternsExamples:test_bt_main_page_patterns_enter_note: Test timeout expired
not ok 62 - (null):BtMainPagePatternsExamples:test_bt_main_page_patterns_enter_note_off: Test timeout expired
not ok 63 - (null):BtMainPagePatternsExamples:test_bt_main_page_patterns_clear_note: Test timeout expired
not ok 64 - (null):BtMainPagePatternsExamples:test_bt_main_page_patterns_enter_switch: Test timeout expired
not ok 65 - (null):BtMainPagePatternsExamples:test_bt_main_page_patterns_enter_sparse_enum: Test timeout expired
not ok 66 - (null):BtMainPagePatternsExamples:test_bt_main_page_patterns_enter_invalid_sparse_enum: Test timeout expired
not ok 67 - (null):BtMainPagePatternsExamples:test_bt_main_page_patterns_enter_sparse_enum_in_2_steps: Test timeout expired
not ok 68 - (null):BtMainPagePatternsExamples:test_bt_main_page_patterns_pattern_voices: Test timeout expired
not ok 69 - (null):BtMainPageSequenceExamples:test_bt_main_page_sequence_focus: Test timeout expired
not ok 70 - (null):BtMainPageSequenceExamples:test_bt_main_page_sequence_active_machine: Test timeout expired
not ok 71 - (null):BtMainPageSequenceExamples:test_bt_main_page_sequence_enter_pattern: Test timeout expired
not ok 72 - (null):BtMainPagesExamples:test_bt_main_pages_view_all_tabs: Test timeout expired
not ok 73 - (null):BtMainPagesExamples:test_bt_main_pages_view_all_tabs_playing: Test timeout expired
not ok 74 - (null):BtMainWindowExamples:test_bt_main_window_message: Test timeout expired
not ok 75 - (null):BtMainWindowExamples:test_bt_main_window_question: Test timeout expired
not ok 76 - (null):BtMainWindowExamples:test_bt_main_window_open_song: Test timeout expired
not ok 77 - (null):BtMainWindowExamples:test_bt_main_window_save_song_as: Test timeout expired
not ok 78 - (null):BtMainWindowExamples:test_bt_main_window_check_unsaved: Test timeout expired
not ok 79 - (null):BtMainWindowExamples:test_bt_main_window_song_title_titled: Test timeout expired
not ok 80 - (null):BtMainWindowExamples:test_bt_main_window_song_title_untitled: Test timeout expired
not ok 81 - (null):BtMainWindowExamples:test_bt_main_window_song_title_save: Test timeout expired
not ok 82 - (null):BtMissingFrameworkElementsDialogExamples:test_bt_missing_framework_elements_dialog_create_empty: Test timeout expired
not ok 83 - (null):BtMissingFrameworkElementsDialogExamples:test_bt_missing_framework_elements_dialog_create: Test timeout expired
not ok 84 - (null):BtMissingSongElementsDialogExamples:test_bt_missing_song_elements_dialog_create_empty: Test timeout expired
not ok 85 - (null):BtMissingSongElementsDialogExamples:test_bt_missing_song_elements_dialog_create: Test timeout expired
not ok 86 - (null):BtObjectListModelExamples:test_bt_object_list_model_create: Test timeout expired
not ok 87 - (null):BtObjectListModelExamples:test_bt_object_list_model_add_entry: Test timeout expired
not ok 88 - (null):BtPatternListModelExamples:test_bt_pattern_list_model_create: Test timeout expired
not ok 89 - (null):BtPatternListModelExamples:test_bt_pattern_list_model_get_pattern: Test timeout expired
not ok 90 - (null):BtPatternPropertiesDialogExamples:test_bt_pattern_properties_dialog_create: Test timeout expired
not ok 91 - (null):BtPresetListModelExamples:test_bt_preset_list_model_create: Test timeout expired
not ok 92 - (null):BtRenderDialogExamples:test_bt_render_dialog_create: Test timeout expired
not ok 93 - (null):BtSequenceGridModelExamples:test_bt_sequence_grid_model_create: Test timeout expired
not ok 94 - (null):BtSettingsDialogExamples:test_bt_settings_dialog_create: Test timeout expired
not ok 95 - (null):BtSettingsDialogExamples:test_bt_settings_dialog_create: Test timeout expired
not ok 96 - (null):BtSettingsDialogExamples:test_bt_settings_dialog_create: Test timeout expired
not ok 97 - (null):BtSettingsDialogExamples:test_bt_settings_dialog_create: Test timeout expired
not ok 98 - (null):BtSettingsDialogExamples:test_bt_settings_dialog_create: Test timeout expired
not ok 99 - (null):BtSettingsDialogExamples:test_bt_settings_dialog_create: Test timeout expired
not ok 100 - (null):BtSignalAnalysisDialogExamples:test_bt_signal_analysis_dialog_create: Test timeout expired
not ok 101 - (null):BtTipDialogExamples:test_bt_tip_dialog_create: Test timeout expired
ok 102 - tests/ui/edit/e-tools.c:BtToolsExamples:test_bt_strjoin_list_with_empty_list: Passed
ok 103 - tests/ui/edit/e-tools.c:BtToolsExamples:test_bt_strjoin_list_with_single_value_list: Passed
ok 104 - tests/ui/edit/e-tools.c:BtToolsExamples:test_bt_strjoin_list_with_two_value_list: Passed
not ok 105 - (null):BtUIResourcesExamples:test_bt_ui_resources_create: Test timeout expired
not ok 106 - (null):BtUIResourcesExamples:test_bt_ui_resources_singleton: Test timeout expired
not ok 107 - (null):BtWaveListModelExamples:test_bt_wave_list_model_create: Test timeout expired
not ok 108 - (null):BtWaveListModelExamples:test_bt_wave_list_model_get_null_wave: Test timeout expired
not ok 109 - (null):BtWavelevelListModelExamples:test_bt_wavelevel_list_model_create_null: Test timeout expired
not ok 110 - (null):BtWavelevelListModelExamples:test_bt_wavelevel_list_model_create: Test timeout expired
not ok 111 - (null):BtWavelevelListModelExamples:test_bt_wavelevel_list_model_get_wavelevel: Test timeout expired
not ok 112 - (null):BtWireCanvasItemExamples:test_bt_wire_canvas_item_create: Test timeout expired
not ok 113 - (null):BtWireCanvasItemExamples:test_bt_wire_canvas_item_show_analyzer: Test timeout expired
1..113
