ok 1 - tests/lib/gst/e-elements.c:GstElementsExamples:test_launch_bt_dec: Passed
ok 2 - tests/lib/gst/e-elements.c:GstElementsExamples:test_launch_bt_dec: Passed
ok 3 - tests/lib/gst/e-elements.c:GstElementsExamples:test_launch_bt_dec: Passed
ok 4 - tests/lib/gst/e-elements.c:GstElementsExamples:test_launch_bt_dec: Passed
ok 5 - tests/lib/gst/e-elements.c:GstElementsExamples:test_launch_bt_dec: Passed
ok 6 - tests/lib/gst/e-elements.c:GstElementsExamples:test_launch_bt_dec: Passed
ok 7 - tests/lib/gst/e-elements.c:GstElementsExamples:test_launch_elements: Passed
ok 8 - tests/lib/gst/e-elements.c:GstElementsExamples:test_launch_elements: Passed
ok 9 - tests/lib/gst/e-elements.c:GstElementsExamples:test_launch_elements: Passed
ok 10 - tests/lib/gst/e-elements.c:GstElementsExamples:test_launch_elements: Passed
ok 11 - tests/lib/gst/e-elements.c:GstElementsExamples:test_launch_elements: Passed
ok 12 - tests/lib/gst/e-elements.c:GstElementsExamples:test_launch_elements: Passed
ok 13 - tests/lib/gst/e-elements.c:GstElementsExamples:test_launch_elements: Passed
ok 14 - tests/lib/gst/e-elements.c:GstElementsExamples:test_launch_elements: Passed
ok 15 - tests/lib/gst/e-elements.c:GstElementsExamples:test_launch_elements: Passed
ok 16 - tests/lib/gst/e-audiosynth.c:GstBtAudiosynthExamples:test_create_obj: Passed
ok 17 - tests/lib/gst/e-audiosynth.c:GstBtAudiosynthExamples:test_initialized_with_audio_caps: Passed
ok 18 - tests/lib/gst/e-audiosynth.c:GstBtAudiosynthExamples:test_audio_context_configures_buffer_size: Passed
ok 19 - tests/lib/gst/e-audiosynth.c:GstBtAudiosynthExamples:test_forward_first_buffer_starts_at_zero: Passed
ok 20 - tests/lib/gst/e-audiosynth.c:GstBtAudiosynthExamples:test_backwards_last_buffer_ends_at_zero: Passed
ok 21 - tests/lib/gst/e-audiosynth.c:GstBtAudiosynthExamples:test_buffers_are_contigous: Passed
ok 22 - tests/lib/gst/e-audiosynth.c:GstBtAudiosynthExamples:test_num_buffers_with_stop_pos: Passed
ok 23 - tests/lib/gst/e-audiosynth.c:GstBtAudiosynthExamples:test_num_buffers_with_stop_pos: Passed
ok 24 - tests/lib/gst/e-audiosynth.c:GstBtAudiosynthExamples:test_last_buffer_is_clipped: Passed
ok 25 - tests/lib/gst/e-audiosynth.c:GstBtAudiosynthExamples:test_no_reset_without_seeks: Passed
ok 26 - tests/lib/gst/e-audiosynth.c:GstBtAudiosynthExamples:test_reset_on_seek: Passed
ok 27 - tests/lib/gst/e-audiosynth.c:GstBtAudiosynthExamples:test_position_query_time: Passed
ok 28 - tests/lib/gst/e-combine.c:GstBtCombineExamples:test_create_obj: Passed
ok 29 - tests/lib/gst/e-combine.c:GstBtCombineExamples:test_combine_modes: Passed
ok 30 - tests/lib/gst/e-combine.c:GstBtCombineExamples:test_combine_modes: Passed
ok 31 - tests/lib/gst/e-combine.c:GstBtCombineExamples:test_combine_modes: Passed
ok 32 - tests/lib/gst/e-combine.c:GstBtCombineExamples:test_combine_modes: Passed
ok 33 - tests/lib/gst/e-combine.c:GstBtCombineExamples:test_combine_modes: Passed
ok 34 - tests/lib/gst/e-combine.c:GstBtCombineExamples:test_combine_modes: Passed
ok 35 - tests/lib/gst/e-combine.c:GstBtCombineExamples:test_combine_modes: Passed
ok 36 - tests/lib/gst/e-combine.c:GstBtCombineExamples:test_combine_modes: Passed
ok 37 - tests/lib/gst/e-combine.c:GstBtCombineExamples:test_combine_modes: Passed
ok 38 - tests/lib/gst/e-envelope-ad.c:GstBtEnvelopeADExamples:test_create_obj: Passed
ok 39 - tests/lib/gst/e-envelope-ad.c:GstBtEnvelopeADExamples:test_envelope_parameters: Passed
ok 40 - tests/lib/gst/e-envelope-ad.c:GstBtEnvelopeADExamples:test_envelope_parameters: Passed
ok 41 - tests/lib/gst/e-envelope-ad.c:GstBtEnvelopeADExamples:test_envelope_parameters: Passed
ok 42 - tests/lib/gst/e-envelope-adsr.c:GstBtEnvelopeADSRExamples:test_create_obj: Passed
ok 43 - tests/lib/gst/e-envelope-adsr.c:GstBtEnvelopeADSRExamples:test_envelope_defaults: Passed
ok 44 - tests/lib/gst/e-envelope-d.c:GstBtEnvelopeDExamples:test_create_obj: Passed
ok 45 - tests/lib/gst/e-envelope-d.c:GstBtEnvelopeDExamples:test_envelope_curves: Passed
ok 46 - tests/lib/gst/e-envelope-d.c:GstBtEnvelopeDExamples:test_envelope_curves: Passed
ok 47 - tests/lib/gst/e-envelope-d.c:GstBtEnvelopeDExamples:test_envelope_curves: Passed
ok 48 - tests/lib/gst/e-envelope-d.c:GstBtEnvelopeDExamples:test_envelope_curves: Passed
ok 49 - tests/lib/gst/e-envelope-d.c:GstBtEnvelopeDExamples:test_envelope_curves: Passed
ok 50 - tests/lib/gst/e-filter-svf.c:GstBtFilterSVFExamples:test_create_obj: Passed
ok 51 - tests/lib/gst/e-filter-svf.c:GstBtFilterSVFExamples:test_filter: Passed
ok 52 - tests/lib/gst/e-filter-svf.c:GstBtFilterSVFExamples:test_filter: Passed
ok 53 - tests/lib/gst/e-filter-svf.c:GstBtFilterSVFExamples:test_filter: Passed
ok 54 - tests/lib/gst/e-filter-svf.c:GstBtFilterSVFExamples:test_filter: Passed
ok 55 - tests/lib/gst/e-filter-svf.c:GstBtFilterSVFExamples:test_filter: Passed
ok 56 - tests/lib/gst/e-filter-svf.c:GstBtFilterSVFExamples:test_filter: Passed
ok 57 - tests/lib/gst/e-filter-svf.c:GstBtFilterSVFExamples:test_filter: Passed
ok 58 - tests/lib/gst/e-filter-svf.c:GstBtFilterSVFExamples:test_filter: Passed
ok 59 - tests/lib/gst/e-osc-synth.c:GstBtOscSynthExamples:test_create_obj: Passed
ok 60 - tests/lib/gst/e-osc-synth.c:GstBtOscSynthExamples:test_waves_not_silent: Passed
ok 61 - tests/lib/gst/e-osc-synth.c:GstBtOscSynthExamples:test_waves_not_silent: Passed
ok 62 - tests/lib/gst/e-osc-synth.c:GstBtOscSynthExamples:test_waves_not_silent: Passed
ok 63 - tests/lib/gst/e-osc-synth.c:GstBtOscSynthExamples:test_waves_not_silent: Passed
ok 64 - tests/lib/gst/e-osc-synth.c:GstBtOscSynthExamples:test_waves_not_silent: Passed
ok 65 - tests/lib/gst/e-osc-synth.c:GstBtOscSynthExamples:test_waves_not_silent: Passed
ok 66 - tests/lib/gst/e-osc-synth.c:GstBtOscSynthExamples:test_waves_not_silent: Passed
ok 67 - tests/lib/gst/e-osc-synth.c:GstBtOscSynthExamples:test_waves_not_silent: Passed
ok 68 - tests/lib/gst/e-osc-synth.c:GstBtOscSynthExamples:test_waves_not_silent: Passed
ok 69 - tests/lib/gst/e-osc-synth.c:GstBtOscSynthExamples:test_waves_not_silent: Passed
ok 70 - tests/lib/gst/e-osc-synth.c:GstBtOscSynthExamples:test_waves_not_silent: Passed
ok 71 - tests/lib/gst/e-osc-synth.c:GstBtOscSynthExamples:test_waves_not_silent: Passed
ok 72 - tests/lib/gst/e-osc-synth.c:GstBtOscSynthExamples:test_waves_not_silent: Passed
ok 73 - tests/lib/gst/e-osc-synth.c:GstBtOscSynthExamples:test_waves_not_silent: Passed
ok 74 - tests/lib/gst/e-osc-wave.c:GstBtOscWaveExamples:test_osc_wave_create_obj: Passed
ok 75 - tests/lib/gst/e-osc-wave.c:GstBtOscWaveExamples:test_osc_wave_is_configured: Passed
ok 76 - tests/lib/gst/e-osc-wave.c:GstBtOscWaveExamples:test_osc_wave_reconfigure: Passed
ok 77 - tests/lib/gst/e-osc-wave.c:GstBtOscWaveExamples:test_osc_wave_reconfigure_resets: Passed
ok 78 - tests/lib/gst/e-osc-wave.c:GstBtOscWaveExamples:test_osc_wave_create_mono: Passed
ok 79 - tests/lib/gst/e-osc-wave.c:GstBtOscWaveExamples:test_osc_wave_create_stereo: Passed
ok 80 - tests/lib/gst/e-osc-wave.c:GstBtOscWaveExamples:test_osc_wave_create_mono_beyond_size: Passed
ok 81 - tests/lib/gst/e-osc-wave.c:GstBtOscWaveExamples:test_osc_wave_create_stereo_beyond_size: Passed
ok 82 - tests/lib/gst/e-tempo.c:GstBtTempoExamples:test_create_obj: Passed
ok 83 - tests/lib/gst/e-tempo.c:GstBtTempoExamples:test_get_tempo: Passed
ok 84 - tests/lib/gst/e-toneconversion.c:GstBtToneConversionExamples:test_create_obj: Passed
ok 85 - tests/lib/gst/e-toneconversion.c:GstBtToneConversionExamples:test_translate_str_base: Passed
ok 86 - tests/lib/gst/e-toneconversion.c:GstBtToneConversionExamples:test_translate_str_series: Passed
ok 87 - tests/lib/gst/e-toneconversion.c:GstBtToneConversionExamples:test_translate_str_series: Passed
ok 88 - tests/lib/gst/e-toneconversion.c:GstBtToneConversionExamples:test_translate_str_series: Passed
ok 89 - tests/lib/gst/e-toneconversion.c:GstBtToneConversionExamples:test_translate_num_base: Passed
ok 90 - tests/lib/gst/e-toneconversion.c:GstBtToneConversionExamples:test_translate_num_series: Passed
ok 91 - tests/lib/gst/e-toneconversion.c:GstBtToneConversionExamples:test_translate_num_series: Passed
ok 92 - tests/lib/gst/e-toneconversion.c:GstBtToneConversionExamples:test_translate_num_series: Passed
ok 93 - tests/lib/gst/e-toneconversion.c:GstBtToneConversionExamples:test_convert_note_string_2_number: Passed
ok 94 - tests/lib/gst/e-toneconversion.c:GstBtToneConversionExamples:test_convert_note_number_2_string: Passed
ok 95 - tests/lib/gst/e-toneconversion.c:GstBtToneConversionExamples:test_note_number_offset: Passed
1..95
